2024/01/06 12:00:54 Debug Mode: OFF
2024/01/06 12:00:54 0xc0000260b0
2024/01/06 12:00:54 Audio Mode ON
2024/01/06 12:00:54 cmd:
yt-dlp  -x --audio-format mp3 --audio-quality 0 --path . https://www.youtube.com/watch?v=TEJ1mM4gHWI
2024/01/06 12:01:28 Debug Mode: OFF
2024/01/06 12:01:28 0xc00008e070
2024/01/06 12:01:28 Audio Mode ON
2024/01/06 12:01:28 cmd:
yt-dlp  -x --audio-format mp3 --audio-quality 0 --path . https://www.youtube.com/watch?v=TEJ1mM4gHWI
2024/01/06 12:01:31 *********************

2024/01/06 12:01:53 yt-dlp 0.1_01
2024/01/06 12:01:53 Debug Mode: OFF
2024/01/06 12:01:53 0xc0000260b0
2024/01/06 12:01:53 Audio Mode ON
2024/01/06 12:01:53 cmd:
yt-dlp  -x --audio-format mp3 --audio-quality 0 --path . https://www.youtube.com/watch?v=TEJ1mM4gHWI
2024/01/06 12:01:56 *********************

2024/01/06 12:02:29 yt-dlp 0.1_01
2024/01/06 12:02:29 Debug Mode: OFF
2024/01/06 12:02:29 url: https://www.youtube.com/watch?v=TEJ1mM4gHWI
2024/01/06 12:02:29 Audio Mode ON
2024/01/06 12:02:29 cmd:
yt-dlp  -x --audio-format mp3 --audio-quality 0 --path . https://www.youtube.com/watch?v=TEJ1mM4gHWI
2024/01/06 12:02:32 *********************

2024/01/06 12:12:08 yt-dlp 0.1_01
2024/01/06 12:12:08 Debug Mode: OFF
2024/01/06 12:12:08 url: https://www.youtube.com/watch?v=TEJ1mM4gHWI
2024/01/06 12:12:08 Audio Mode ON
2024/01/06 12:12:08 cmd:
yt-dlp  -x --audio-format mp3 --audio-quality 0 --path . https://www.youtube.com/watch?v=TEJ1mM4gHWI
2024/01/06 12:12:11 ******************************
2024/01/06 12:12:22 yt-dlp 0.1_01
2024/01/06 12:12:22 Debug Mode: OFF
2024/01/06 12:12:22 url: https://www.youtube.com/watch?v=TEJ1mM4gHWI
2024/01/06 12:12:22 Audio Mode ON
2024/01/06 12:12:22 cmd:
yt-dlp  -x --audio-format mp3 --audio-quality 0 --path . https://www.youtube.com/watch?v=TEJ1mM4gHWI
2024/01/06 12:12:25 ****************************************
2024/01/06 12:12:44 yt-dlp 0.1_01
2024/01/06 12:12:44 Debug Mode: OFF
2024/01/06 12:12:44 url: https://www.youtube.com/watch?v=TEJ1mM4gHWI
2024/01/06 12:12:44 Audio Mode ON
2024/01/06 12:12:44 cmd:
yt-dlp  -x --audio-format mp3 --audio-quality 0 --path . https://www.youtube.com/watch?v=TEJ1mM4gHWI
2024/01/06 12:12:47 ****************************************

2024/01/06 12:12:52 yt-dlp 0.1_01
2024/01/06 12:12:52 Debug Mode: OFF
2024/01/06 12:12:52 url: https://www.youtube.com/watch?v=TEJ1mM4gHWI
2024/01/06 12:12:52 Audio Mode ON
2024/01/06 12:12:52 cmd:
yt-dlp  -x --audio-format mp3 --audio-quality 0 --path . https://www.youtube.com/watch?v=TEJ1mM4gHWI
2024/01/06 12:12:55 ****************************************

2024/01/06 12:13:21 yt-dlp Ver: 0.1_01
2024/01/06 12:13:21 Debug Mode: OFF
2024/01/06 12:13:21 url: https://www.youtube.com/watch?v=TEJ1mM4gHWI
2024/01/06 12:13:21 Audio Mode ON
2024/01/06 12:13:21 cmd:
yt-dlp  -x --audio-format mp3 --audio-quality 0 --path . https://www.youtube.com/watch?v=TEJ1mM4gHWI
2024/01/06 12:13:24 ****************************************

2024/01/06 12:13:46 yt-dlp
2024/01/06 12:13:46 VER: 0.1_01
2024/01/06 12:13:46 Debug Mode: OFF
2024/01/06 12:13:46 url: https://www.youtube.com/watch?v=TEJ1mM4gHWI
2024/01/06 12:13:46 Audio Mode ON
2024/01/06 12:13:46 cmd:
yt-dlp  -x --audio-format mp3 --audio-quality 0 --path . https://www.youtube.com/watch?v=TEJ1mM4gHWI
2024/01/06 12:13:49 ****************************************

2024/01/06 12:14:16 yt-dlp
2024/01/06 12:14:16 VER: 0.1_01
2024/01/06 12:14:16 Debug Mode: OFF
2024/01/06 12:14:16 url: https://www.youtube.com/watch?v=TEJ1mM4gHWI
2024/01/06 12:14:16 Audio Mode ON
2024/01/06 12:14:16 cmd:
yt-dlp  -x --audio-format mp3 --audio-quality 0 --path . https://www.youtube.com/watch?v=TEJ1mM4gHWI
2024/01/06 12:14:20 ****************************************

2024/01/06 12:19:49 yt-dlp
2024/01/06 12:19:49 VER: 0.1.1
2024/01/06 12:19:49 Debug Mode: OFF
2024/01/06 12:19:49 url: https://www.youtube.com/watch?v=GuhkGqJW5ZE
2024/01/06 12:19:49 Audio Mode ON
2024/01/06 12:19:49 cmd:
yt-dlp  -x --audio-format mp3 --audio-quality 0 --path . https://www.youtube.com/watch?v=GuhkGqJW5ZE
2024/01/06 12:19:59 ****************************************

2024/01/06 12:21:16 yt-dlp
2024/01/06 12:21:16 VER: 0.1.1
2024/01/06 12:21:16 Debug Mode: OFF
2024/01/06 12:21:16 url: https://www.youtube.com/watch?v=RoYV25zTldI
2024/01/06 12:21:16 Audio Mode ON
2024/01/06 12:21:16 cmd:
yt-dlp  -x --audio-format mp3 --audio-quality 0 --path . https://www.youtube.com/watch?v=RoYV25zTldI
2024/01/06 12:21:25 ****************************************

2024/01/06 12:22:23 yt-dlp
2024/01/06 12:22:23 VER: 0.1.1
2024/01/06 12:22:23 Debug Mode: OFF
2024/01/06 12:22:23 url: https://www.youtube.com/watch?v=Nr-WemEPw48
2024/01/06 12:22:23 Audio Mode ON
2024/01/06 12:22:23 cmd:
yt-dlp  -x --audio-format mp3 --audio-quality 0 --path . https://www.youtube.com/watch?v=Nr-WemEPw48
2024/01/06 12:22:35 ****************************************

2024/01/06 12:27:56 yt-dlp
2024/01/06 12:27:56 VER: 0.1.1
2024/01/06 12:27:56 Debug Mode: OFF
2024/01/06 12:27:56 url: https://www.youtube.com/watch?v=MXIKzekRAj8&pp=ygURaXZlIGJhZGRpZXMgYXVkaW8%3D
2024/01/06 12:27:56 Audio Mode ON
2024/01/06 12:27:56 cmd:
yt-dlp  -x --audio-format mp3 --audio-quality 0 --path dl https://www.youtube.com/watch?v=MXIKzekRAj8&pp=ygURaXZlIGJhZGRpZXMgYXVkaW8%3D
2024/01/06 12:28:02 ****************************************

2024/01/06 12:28:54 yt-dlp
2024/01/06 12:28:54 VER: 0.1.1
2024/01/06 12:28:54 Debug Mode: OFF
2024/01/06 12:28:54 url: https://www.youtube.com/watch?v=_ApV7Lm87cg&pp=ygUUbGl2ZSBvZmYgdGhlIHJlY29yZCA%3D
2024/01/06 12:28:54 cmd:
yt-dlp  --path dl https://www.youtube.com/watch?v=_ApV7Lm87cg&pp=ygUUbGl2ZSBvZmYgdGhlIHJlY29yZCA%3D
2024/01/06 12:38:15 ****************************************

2024/01/06 12:48:07 yt-dlp
2024/01/06 12:48:07 VER: 0.1.1
2024/01/06 12:48:07 Debug Mode: OFF
2024/01/06 12:48:07 Audio Mode: ON
2024/01/06 12:48:07 url: https://www.youtube.com/watch?v=c68g_6mQyiE
2024/01/06 12:48:07 cmd:
yt-dlp  -x --audio-format mp3 --audio-quality 0 --path . https://www.youtube.com/watch?v=c68g_6mQyiE
2024/01/06 12:48:16 ****************************************
2024/01/06 12:49:13 yt-dlp
2024/01/06 12:49:13 VER: 0.1.1
2024/01/06 12:49:13 Debug Mode: OFF
2024/01/06 12:49:13 Audio Mode: ON
2024/01/06 12:49:13 url: https://www.youtube.com/watch?v=c68g_6mQyiE
2024/01/06 12:49:13 cmd:
yt-dlp  -x --audio-format mp3 --audio-quality 0 --path . https://www.youtube.com/watch?v=c68g_6mQyiE
2024/01/06 12:49:15 **************************************************
2024/01/06 12:49:55 yt-dlp
2024/01/06 12:49:55 VER: 0.1.1
2024/01/06 12:49:55 Debug Mode: OFF
2024/01/06 12:49:55 Audio Mode: ON
2024/01/06 12:49:55 url: https://www.youtube.com/watch?v=c68g_6mQyiE
2024/01/06 12:49:55 cmd:
yt-dlp  -x --audio-format mp3 --audio-quality 0 --path dl https://www.youtube.com/watch?v=c68g_6mQyiE
2024/01/06 12:50:04 **************************************************

2024/01/06 12:50:08 yt-dlp
2024/01/06 12:50:08 VER: 0.1.1
2024/01/06 12:50:08 Debug Mode: OFF
2024/01/06 12:50:08 Audio Mode: ON
2024/01/06 12:50:08 url: https://www.youtube.com/watch?v=c68g_6mQyiE
2024/01/06 12:50:08 cmd:
yt-dlp  -x --audio-format mp3 --audio-quality 0 --path dl https://www.youtube.com/watch?v=c68g_6mQyiE
2024/01/06 12:50:10 **************************************************

2024/01/06 21:47:31 yt-dlp
2024/01/06 21:47:31 VER: 0.1.1
2024/01/15 16:14:34 yt-dlp
2024/01/15 16:14:34 VER: 0.1.1
2024/01/15 16:14:42 yt-dlp
2024/01/15 16:14:42 VER: 0.1.1
2024/01/15 16:14:42 Debug Mode: OFF
2024/01/15 16:14:42 Audio Mode: ON
2024/01/15 16:14:42 url: https://www.youtube.com/watch?v=A67RYFTImTQ&pp=ygUZbGl2ZSBvZmYgdGhlIHJlY29yZCBhdWRpbw%3D%3D
2024/01/15 16:14:42 cmd:
yt-dlp  -x --audio-format mp3 --audio-quality 0 --path . https://www.youtube.com/watch?v=A67RYFTImTQ&pp=ygUZbGl2ZSBvZmYgdGhlIHJlY29yZCBhdWRpbw%3D%3D
2024/01/15 16:14:50 **************************************************

2024/01/15 16:15:08 yt-dlp
2024/01/15 16:15:08 VER: 0.1.1
2024/01/15 16:15:08 Debug Mode: OFF
2024/01/15 16:15:08 Audio Mode: ON
2024/01/15 16:15:08 url: https://www.youtube.com/watch?v=A67RYFTImTQ&pp=ygUZbGl2ZSBvZmYgdGhlIHJlY29yZCBhdWRpbw%3D%3D
2024/01/15 16:15:08 cmd:
yt-dlp  -x --audio-format mp3 --audio-quality 0 --path dl https://www.youtube.com/watch?v=A67RYFTImTQ&pp=ygUZbGl2ZSBvZmYgdGhlIHJlY29yZCBhdWRpbw%3D%3D
2024/01/15 16:15:15 **************************************************

2024/01/15 16:15:54 yt-dlp
2024/01/15 16:15:54 VER: 0.1.1
2024/01/15 16:18:26 yt-dlp
2024/01/15 16:18:26 VER: 0.1.1
2024/01/15 16:18:26 Debug Mode: OFF
2024/01/15 16:18:26 Audio Mode: ON
2024/01/15 16:18:26 url: https://www.youtube.com/watch?v=A67RYFTImTQ&pp=ygUZbGl2ZSBvZmYgdGhlIHJlY29yZCBhdWRpbw%3D%3D
2024/01/15 16:18:26 cmd:
yt-dlp  -x --audio-format mp3 --audio-quality 0 --path . https://www.youtube.com/watch?v=A67RYFTImTQ&pp=ygUZbGl2ZSBvZmYgdGhlIHJlY29yZCBhdWRpbw%3D%3D
2024/01/15 16:18:33 **************************************************

2024/01/15 16:39:10 yt-dlp
2024/01/15 16:39:10 VER: 0.1.1
2024/01/15 16:39:10 Debug Mode: OFF
2024/01/15 16:39:10 Video Mode: ON
2024/01/15 16:39:10 url: https://www.youtube.com/watch?v=A67RYFTImTQ&pp=ygUZbGl2ZSBvZmYgdGhlIHJlY29yZCBhdWRpbw%
2024/01/15 16:39:10 cmd:
yt-dlp  --path . https://www.youtube.com/watch?v=A67RYFTImTQ&pp=ygUZbGl2ZSBvZmYgdGhlIHJlY29yZCBhdWRpbw%
2024/01/15 16:40:34 yt-dlp
2024/01/15 16:40:34 VER: 0.1.1
2024/01/15 16:40:34 Debug Mode: OFF
2024/01/15 16:40:34 Video Mode: ON
2024/01/15 16:40:34 You must provide a URL for the video/audio stream.
2024/01/15 16:41:44 yt-dlp
2024/01/15 16:41:44 VER: 0.1.1
2024/01/15 16:41:44 Debug Mode: OFF
2024/01/15 16:41:44 Video Mode: ON
2024/01/15 16:41:44 audiourl: https://www.youtube.com/watch?v=A67RYFTImTQ&pp=ygUZbGl2ZSBvZmYgdGhlIHJlY29yZCBhdWRpbw%3D%3D
2024/01/15 16:41:44 cmd:
yt-dlp  --path . https://www.youtube.com/watch?v=A67RYFTImTQ&pp=ygUZbGl2ZSBvZmYgdGhlIHJlY29yZCBhdWRpbw%3D%3D
2024/01/15 16:41:59 **************************************************

2024/01/15 16:42:13 yt-dlp
2024/01/15 16:42:13 VER: 0.1.1
2024/01/15 16:42:13 Debug Mode: OFF
2024/01/15 16:42:13 Video Mode: ON
2024/01/15 16:42:13 audiourl: https://www.youtube.com/watch?v=A67RYFTImTQ&pp=ygUZbGl2ZSBvZmYgdGhlIHJlY29yZCBhdWRpbw%3D%3D
2024/01/15 16:42:13 cmd:
yt-dlp  --path . https://www.youtube.com/watch?v=A67RYFTImTQ&pp=ygUZbGl2ZSBvZmYgdGhlIHJlY29yZCBhdWRpbw%3D%3D
2024/01/15 16:42:29 **************************************************

2024/01/15 16:43:13 yt-dlp
2024/01/15 16:43:13 VER: 0.1.1
2024/01/15 16:43:13 Debug Mode: OFF
2024/01/15 16:43:13 Video Mode: ON
2024/01/15 16:43:13 audiourl: https://www.youtube.com/watch?v=A67RYFTImTQ&pp=ygUZbGl2ZSBvZmYgdGhlIHJlY29yZCBhdWRpbw%3D%3D
2024/01/15 16:43:13 cmd:
yt-dlp  --path . https://www.youtube.com/watch?v=A67RYFTImTQ&pp=ygUZbGl2ZSBvZmYgdGhlIHJlY29yZCBhdWRpbw%3D%3D
2024/01/15 16:43:22 **************************************************

2024/01/15 16:44:27 yt-dlp
2024/01/15 16:44:27 VER: 0.1.1
2024/01/15 16:44:27 Debug Mode: OFF
2024/01/15 16:44:27 Video Mode: ON
2024/01/15 16:44:27 audiourl: https://www.youtube.com/watch?v=A67RYFTImTQ&pp=ygUZbGl2ZSBvZmYgdGhlIHJlY29yZCBhdWRpbw%3D%3D
2024/01/15 16:44:27 cmd:
yt-dlp  -x --audio-format mp3 --audio-quality 0 --path . https://www.youtube.com/watch?v=A67RYFTImTQ&pp=ygUZbGl2ZSBvZmYgdGhlIHJlY29yZCBhdWRpbw%3D%3D
2024/01/15 16:44:34 **************************************************

2024/01/15 16:44:42 yt-dlp
2024/01/15 16:44:42 VER: 0.1.1
2024/01/15 16:44:42 Debug Mode: OFF
2024/01/15 16:44:42 Video Mode: ON
2024/01/15 16:44:42 audiourl: https://www.youtube.com/watch?v=A67RYFTImTQ&pp=ygUZbGl2ZSBvZmYgdGhlIHJlY29yZCBhdWRpbw%3D%3D
2024/01/15 16:44:42 cmd:
yt-dlp  -x --audio-format mp3 --audio-quality 0 --path dl https://www.youtube.com/watch?v=A67RYFTImTQ&pp=ygUZbGl2ZSBvZmYgdGhlIHJlY29yZCBhdWRpbw%3D%3D
2024/01/15 16:44:44 **************************************************

2024/01/15 16:45:51 yt-dlp
2024/01/15 16:45:51 VER: 0.1.1
2024/01/15 16:46:17 yt-dlp
2024/01/15 16:46:17 VER: 0.1.1
2024/01/15 16:46:17 Debug Mode: OFF
2024/01/15 16:46:17 Video Mode: ON
2024/01/15 16:46:17 url: https://www.youtube.com/watch?v=_ApV7Lm87cg&pp=ygUZbGl2ZSBvZmYgdGhlIHJlY29yZCBhdWRpbw%3D%3D
2024/01/15 16:46:17 cmd:
yt-dlp  --path . https://www.youtube.com/watch?v=_ApV7Lm87cg&pp=ygUZbGl2ZSBvZmYgdGhlIHJlY29yZCBhdWRpbw%3D%3D
2024/01/15 16:56:58 **************************************************

2024/01/15 16:57:22 yt-dlp
2024/01/15 16:57:22 VER: 0.1.1
2024/01/15 16:57:22 Debug Mode: OFF
2024/01/15 16:57:22 Video Mode: ON
2024/01/15 16:57:22 audiourl: https://www.youtube.com/watch?v=_ApV7Lm87cg&pp=ygUZbGl2ZSBvZmYgdGhlIHJlY29yZCBhdWRpbw%3D%3D
2024/01/15 16:57:22 cmd:
yt-dlp  -x --audio-format mp3 --audio-quality 0 --path . https://www.youtube.com/watch?v=_ApV7Lm87cg&pp=ygUZbGl2ZSBvZmYgdGhlIHJlY29yZCBhdWRpbw%3D%3D
2024/01/15 16:57:30 **************************************************

2024/01/20 13:49:53 yt-dlp
2024/01/20 13:49:53 VER: 0.1.3
2024/01/20 13:51:45 yt-dlp
2024/01/20 13:51:45 VER: 0.1.3
2024/01/20 13:51:49 yt-dlp
2024/01/20 13:51:49 VER: 0.1.3
2024/01/20 13:51:49 Debug Mode: OFF
2024/01/20 13:51:49 Video Mode: ON
2024/01/20 13:51:49 audiourl: https://www.youtube.com/watch?v=942NkXvAtAM
2024/01/20 13:51:49 cmd:
yt-dlp  -x --audio-format mp3 --audio-quality 0 --path . https://www.youtube.com/watch?v=942NkXvAtAM
2024/01/20 13:51:58 **************************************************

2024/01/20 13:52:27 yt-dlp
2024/01/20 13:52:27 VER: 0.1.3
2024/01/20 13:52:27 Debug Mode: OFF
2024/01/20 13:52:27 Video Mode: ON
2024/01/20 13:52:27 audiourl: https://www.youtube.com/watch?v=lxPndeAzfwI&pp=ygUWeXVraWthIHNvdWwgbGFkeSBhdWRpbw%3D%3D
2024/01/20 13:52:27 cmd:
yt-dlp  -x --audio-format mp3 --audio-quality 0 --path . https://www.youtube.com/watch?v=lxPndeAzfwI&pp=ygUWeXVraWthIHNvdWwgbGFkeSBhdWRpbw%3D%3D
2024/01/20 13:52:35 **************************************************

2024/01/20 13:55:19 yt-dlp
2024/01/20 13:55:19 VER: 0.1.3
2024/01/20 13:55:19 Debug Mode: OFF
2024/01/20 13:55:19 Video Mode: ON
2024/01/20 13:55:19 audiourl: https://www.youtube.com/watch?v=rK69AriTIZc&list=RDEMbEeUidfRnZVyIvRHpEMpYg&index=2
2024/01/20 13:55:19 cmd:
yt-dlp  -x --audio-format mp3 --audio-quality 0 --path . https://www.youtube.com/watch?v=rK69AriTIZc&list=RDEMbEeUidfRnZVyIvRHpEMpYg&index=2
2024/01/20 13:56:44 yt-dlp
2024/01/20 13:56:44 VER: 0.1.3
2024/01/20 13:56:44 Debug Mode: OFF
2024/01/20 13:56:44 Video Mode: ON
2024/01/20 13:56:44 audiourl: https://www.youtube.com/watch?v=rK69AriTIZc&list=RDEMbEeUidfRnZVyIvRHpEMpYg&index=2
2024/01/20 13:56:44 cmd:
yt-dlp  -x --audio-format mp3 --audio-quality 0 --path . https://www.youtube.com/watch?v=rK69AriTIZc&list=RDEMbEeUidfRnZVyIvRHpEMpYg&index=2
2024/01/20 13:57:33 yt-dlp
2024/01/20 13:57:33 VER: 0.1.3
2024/01/20 13:57:33 Debug Mode: OFF
2024/01/20 13:57:33 Video Mode: ON
2024/01/20 13:57:33 audiourl: https://www.youtube.com/watch?v=EB7tYy1K2GI
2024/01/20 13:57:33 cmd:
yt-dlp  -x --audio-format mp3 --audio-quality 0 --path . https://www.youtube.com/watch?v=EB7tYy1K2GI
2024/01/20 13:57:39 **************************************************

2024/01/20 14:01:18 yt-dlp
2024/01/20 14:01:18 VER: 0.1.3
2024/01/20 14:01:18 Debug Mode: OFF
2024/01/20 14:01:18 Video Mode: ON
2024/01/20 14:01:18 audiourl: https://www.youtube.com/watch?v=V0A5Pbbu2Fc
2024/01/20 14:01:18 cmd:
yt-dlp  -x --audio-format mp3 --audio-quality 0 --path . https://www.youtube.com/watch?v=V0A5Pbbu2Fc
2024/01/20 14:01:25 **************************************************

2024/01/20 14:02:10 yt-dlp
2024/01/20 14:02:10 VER: 0.1.3
2024/01/20 14:02:10 Debug Mode: OFF
2024/01/20 14:02:10 Video Mode: ON
2024/01/20 14:02:10 audiourl: https://www.youtube.com/watch?v=V0A5Pbbu2Fc
2024/01/20 14:02:10 cmd:
yt-dlp  -x --audio-format mp3 --audio-quality 0 --path . https://www.youtube.com/watch?v=V0A5Pbbu2Fc
2024/01/20 14:02:13 **************************************************

2024/01/20 14:02:22 yt-dlp
2024/01/20 14:02:22 VER: 0.1.3
2024/01/20 14:02:22 Debug Mode: OFF
2024/01/20 14:02:22 Audio Mode: OFF
2024/01/20 14:02:22 audiourl: https://www.youtube.com/watch?v=V0A5Pbbu2Fc
2024/01/20 14:02:22 cmd:
yt-dlp  -x --audio-format mp3 --audio-quality 0 --path . https://www.youtube.com/watch?v=V0A5Pbbu2Fc
2024/01/20 14:02:24 **************************************************

2024/01/20 14:03:40 yt-dlp
2024/01/20 14:03:40 VER: 0.1.3
2024/01/20 14:03:40 Debug Mode: OFF
2024/01/20 14:03:40 Audio Mode: OFF
2024/01/20 14:03:40 audiourl: https://www.youtube.com/watch?v=V0A5Pbbu2Fc
2024/01/20 14:03:40 cmd:
yt-dlp  -x --audio-format mp3 --audio-quality 0 --path . https://www.youtube.com/watch?v=V0A5Pbbu2Fc
2024/01/20 14:03:43 **************************************************

2024/01/20 14:03:47 yt-dlp
2024/01/20 14:03:47 VER: 0.1.3
2024/01/20 14:03:47 Debug Mode: OFF
2024/01/20 14:03:47 Audio Mode: OFF
2024/01/20 14:03:47 url: https://www.youtube.com/watch?v=V0A5Pbbu2Fc
2024/01/20 14:03:47 cmd:
yt-dlp  --path . https://www.youtube.com/watch?v=V0A5Pbbu2Fc
2024/01/20 14:06:11 yt-dlp
2024/01/20 14:06:11 VER: 0.1.3
2024/01/20 14:06:11 Debug Mode: OFF
2024/01/20 14:06:11 Video Mode: ON
2024/01/20 14:06:11 Video Mode: ON
2024/01/20 14:06:11 url: https://www.youtube.com/watch?v=V0A5Pbbu2Fc
2024/01/20 14:06:11 cmd:
yt-dlp  --path . https://www.youtube.com/watch?v=V0A5Pbbu2Fc
2024/01/20 14:06:33 yt-dlp
2024/01/20 14:06:33 VER: 0.1.3
2024/01/20 14:06:33 Debug Mode: OFF
2024/01/20 14:06:33 Video Mode: ON
2024/01/20 14:06:33 url: https://www.youtube.com/watch?v=V0A5Pbbu2Fc
2024/01/20 14:06:33 cmd:
yt-dlp  --path . https://www.youtube.com/watch?v=V0A5Pbbu2Fc
2024/01/20 14:07:17 yt-dlp
2024/01/20 14:07:17 VER: 0.1.3
2024/01/20 14:07:17 Debug Mode: OFF
2024/01/20 14:07:17 Video Mode: ON
2024/01/20 14:07:17 url: https://www.youtube.com/watch?v=V0A5Pbbu2Fc
2024/01/20 14:07:17 cmd:
	yt-dlp  --path . https://www.youtube.com/watch?v=V0A5Pbbu2Fc
2024/01/20 14:07:52 yt-dlp
2024/01/20 14:07:52 VER: 0.1.3
2024/01/20 14:07:52 Debug Mode: OFF
2024/01/20 14:07:52 Video Mode: ON
2024/01/20 14:07:52 url:
	https://www.youtube.com/watch?v=V0A5Pbbu2Fc
2024/01/20 14:07:52 cmd:
	yt-dlp  --path . https://www.youtube.com/watch?v=V0A5Pbbu2Fc
2024/01/20 14:10:23 yt-dlp
2024/01/20 14:10:23 VER: 0.1.3
2024/01/20 14:10:23 Debug Mode: OFF
2024/01/20 14:10:23 Video Mode: ON
2024/01/20 14:10:23 Audio Mode: ON
2024/01/20 14:10:23 audiourl: https://www.youtube.com/watch?v=V0A5Pbbu2Fc
2024/01/20 14:10:23 cmd:
	yt-dlp  -x --audio-format mp3 --audio-quality 0 --path . https://www.youtube.com/watch?v=V0A5Pbbu2Fc
2024/01/20 14:10:26 **************************************************

2024/01/20 14:11:04 yt-dlp
2024/01/20 14:11:04 VER: 0.1.3
2024/01/20 14:11:04 Debug Mode: OFF
2024/01/20 14:11:04 Audio Mode: ON
2024/01/20 14:11:04 audiourl: https://www.youtube.com/watch?v=V0A5Pbbu2Fc
2024/01/20 14:11:04 cmd:
	yt-dlp  -x --audio-format mp3 --audio-quality 0 --path . https://www.youtube.com/watch?v=V0A5Pbbu2Fc
2024/01/20 14:11:06 **************************************************

2024/01/20 14:11:16 yt-dlp
2024/01/20 14:11:16 VER: 0.1.3
2024/01/20 14:11:16 Debug Mode: OFF
2024/01/20 14:11:16 Audio Mode: ON
2024/01/20 14:11:16 url:
	https://www.youtube.com/watch?v=V0A5Pbbu2Fc
2024/01/20 14:11:16 cmd:
	yt-dlp  -x --audio-format mp3 --audio-quality 0 --path . https://www.youtube.com/watch?v=V0A5Pbbu2Fc
2024/01/20 14:11:18 **************************************************

2024/01/20 14:11:29 yt-dlp
2024/01/20 14:11:29 VER: 0.1.3
2024/01/20 14:11:29 Debug Mode: OFF
2024/01/20 14:11:29 url:
	https://www.youtube.com/watch?v=V0A5Pbbu2Fc
2024/01/20 14:11:29 cmd:
	yt-dlp  --path . https://www.youtube.com/watch?v=V0A5Pbbu2Fc
2024/01/20 14:12:06 yt-dlp
2024/01/20 14:12:06 VER: 0.1.3
2024/01/20 14:12:06 Debug Mode: OFF
2024/01/20 14:12:06 Video Mode: ON
2024/01/20 14:12:06 url:
	https://www.youtube.com/watch?v=V0A5Pbbu2Fc
2024/01/20 14:12:06 cmd:
	yt-dlp  --path . https://www.youtube.com/watch?v=V0A5Pbbu2Fc
2024/01/27 11:36:28 yt-dlp
2024/01/27 11:36:28 VER: 0.1.3
2024/01/27 11:36:40 yt-dlp
2024/01/27 11:36:40 VER: 0.1.3
2024/01/27 11:36:40 Debug Mode: OFF
2024/01/27 11:36:40 Video Mode: ON
2024/01/27 11:36:40 Audio Mode: ON
2024/01/27 11:36:40 audiourl: https://www.youtube.com/watch?v=A67RYFTImTQ&pp=ygUZbGl2ZSBvZmYgdGhlIHJlY29yZCBhdWRpbw%3D%3D
2024/01/27 11:36:40 cmd:
	yt-dlp  -x --audio-format mp3 --audio-quality 0 --path . https://www.youtube.com/watch?v=A67RYFTImTQ&pp=ygUZbGl2ZSBvZmYgdGhlIHJlY29yZCBhdWRpbw%3D%3D --write-subs . 
2024/01/27 11:36:53 exit status 1
2024/01/27 11:36:53 **************************************************

2024/01/27 11:37:22 yt-dlp
2024/01/27 11:37:22 VER: 0.1.3
2024/01/27 11:37:22 Debug Mode: OFF
2024/01/27 11:37:22 Video Mode: ON
2024/01/27 11:37:22 Audio Mode: ON
2024/01/27 11:37:22 audiourl: https://www.youtube.com/watch?v=A67RYFTImTQ&pp=ygUZbGl2ZSBvZmYgdGhlIHJlY29yZCBhdWRpbw%3D%3D
2024/01/27 11:37:22 cmd:
	yt-dlp  -x --audio-format mp3 --audio-quality 0 --path . https://www.youtube.com/watch?v=A67RYFTImTQ&pp=ygUZbGl2ZSBvZmYgdGhlIHJlY29yZCBhdWRpbw%3D%3D --write-subs
2024/01/27 11:37:25 **************************************************

2024/01/27 11:37:46 yt-dlp
2024/01/27 11:37:46 VER: 0.1.3
2024/01/27 11:37:46 Debug Mode: OFF
2024/01/27 11:37:46 Video Mode: ON
2024/01/27 11:37:46 url:
	https://www.youtube.com/watch?v=A67RYFTImTQ&pp=ygUZbGl2ZSBvZmYgdGhlIHJlY29yZCBhdWRpbw%3D%3D
2024/01/27 11:37:46 cmd:
	yt-dlp  --path . https://www.youtube.com/watch?v=A67RYFTImTQ&pp=ygUZbGl2ZSBvZmYgdGhlIHJlY29yZCBhdWRpbw%3D%3D --write-subs
2024/01/27 11:37:57 **************************************************

2024/01/27 11:38:42 yt-dlp
2024/01/27 11:38:42 VER: 0.1.3
2024/01/27 11:38:42 Debug Mode: OFF
2024/01/27 11:38:42 Video Mode: ON
2024/01/27 11:38:42 url:
	https://www.youtube.com/watch?v=_ApV7Lm87cg&pp=ygUZbGl2ZSBvZmYgdGhlIHJlY29yZCBhdWRpbw%3D%3D
2024/01/27 11:38:42 cmd:
	yt-dlp  --path . https://www.youtube.com/watch?v=_ApV7Lm87cg&pp=ygUZbGl2ZSBvZmYgdGhlIHJlY29yZCBhdWRpbw%3D%3D --write-subs
2024/01/27 11:51:38 **************************************************

2024/01/27 11:57:06 yt-dlp
2024/01/27 11:57:06 VER: 0.1.3
2024/01/27 11:57:40 yt-dlp
2024/01/27 11:57:40 VER: 0.1.3
2024/01/27 11:57:40 Debug Mode: OFF
2024/01/27 11:57:40 Video Mode: ON
2024/01/27 11:57:40 url:
	https://www.youtube.com/watch?v=rqmGj6dTbzg
2024/01/27 11:57:40 cmd:
	yt-dlp  --path . https://www.youtube.com/watch?v=rqmGj6dTbzg --write-auto-subs
2024/01/27 11:58:02 **************************************************

2024/01/27 12:01:50 yt-dlp
2024/01/27 12:01:50 VER: 0.1.4
2024/01/27 12:01:50 Debug Mode: OFF
2024/01/27 12:01:50 Video Mode: ON
2024/01/27 12:01:50 url:
	https://www.youtube.com/watch?v=rqmGj6dTbzg
2024/01/27 12:01:50 cmd:
	yt-dlp  --path . https://www.youtube.com/watch?v=rqmGj6dTbzg --sub-format srt
2024/01/27 12:02:02 **************************************************

2024/01/27 12:02:59 yt-dlp
2024/01/27 12:02:59 VER: 0.1.4
2024/01/27 12:02:59 Debug Mode: OFF
2024/01/27 12:02:59 Video Mode: ON
2024/01/27 12:02:59 url:
	https://www.youtube.com/watch?v=rqmGj6dTbzg
2024/01/27 12:02:59 cmd:
	yt-dlp  --path . https://www.youtube.com/watch?v=rqmGj6dTbzg --sub-format srt
2024/01/27 12:03:17 **************************************************

2024/01/27 12:46:42 yt-dlp
2024/01/27 12:46:42 VER: 0.1.4
2024/01/27 12:47:23 yt-dlp
2024/01/27 12:47:23 VER: 0.1.4
2024/01/27 12:47:23 Debug Mode: OFF
2024/01/27 12:47:23 Audio Mode: ON
2024/01/27 12:47:23 url:
	https://www.youtube.com/watch?v=DqIPZLmPWzI
2024/01/27 12:47:23 cmd:
	yt-dlp  -x --audio-format mp3 --audio-quality 0 --path /Volumes/MOBILE_FILE/dl https://www.youtube.com/watch?v=DqIPZLmPWzI
2024/01/27 12:47:44 **************************************************

